
Error in phase Type Checking, line 5:
    Both sides of the '==' operator must be same type
