
Error in phase Type Checking, line 2:
    An expression of type 'int' cannot be used as a guarde. Must be of type 'bool'
