
Error in phase Type Checking, line 3:
    Type 'bool' can not be used to index into an array. Only allowed idexing type is 'int'
