function null main() {
	var int a;
	
	function int outer_function(int a) {
		var int b;
		
		function int inner_function(int c) {
			return (c * b);
			
		}
		
		b = (a * 1);
		return inner_function(3);
		
	}
	
	a = 5;
	print(outer_function(a));
	
}
