function null main() {
	var int global_var;
	
	function int shadow_test() {
		var int global_var;
		
		global_var = 10;
		return global_var;
		
	}
	
	global_var = 5;
	print(global_var);
	print(shadow_test());
	print(global_var);
	
}
