function null main() {
	function int shadowed_function() {
		return 42;
		
	}
	function int test_function() {
		function int shadowed_function() {
			return 7;
			
		}
		
		return shadowed_function();
		
	}
	
	print(shadowed_function());
	print(test_function());
	
}
