function null main() {
	var int x, y;
	
	x = 10;
	y = 20;
	print((x + y));
	
}
