function null main() {
	var int a, b, sum;
	
	a = 3;
	b = 4;
	sum = (a + b);
	print(sum);
	
}
