function null main() {
	var int a, b;
	var int[] c;
	
	c = ((new int)[5]);
	a = ;
	b = 5;
	while((a < b)) {
	#begin while
		if((a == 3))
		#begin if
			break;
			
		#end if
		print((c[a]));
		a = (a + 1);
		
	}
	#end while
	
	
}
