function null main() {
	var int a;
	
	a = 1;
	b = 2;
	print(a);
	print((b + a));
	
}
