function null main() {
	var int a, b;
	
	a = 1;
	b = 2;
	if((a == 1))
	#begin if
		print(3);
	#end if
	
}
