function null main() {
	var int a, b, c;
	
	a = 5;
	b = 10;
	if(((a > 6) && (b > 8)))
	#bein if
		c = a;
		
	#end if
	#begin else
	else
		c = b;
		
	#end else
	print(c);
	
}
