function null main() {
	var int a, b, c;
	
	a = 5;
	b = 10;
	c = 5;
	print((! (a == b)));
	
}
