function null main() {
	var int a, b;
	var int[] c;
	
	a = 0;
	b = 5;
	while((a < b)) {
	#begin while
		print((c[a]));
		a = (a + 1);
		
	}
	#end while
	
	
}
