function null main() {
	var int input, output;
	
	function int factorial(int n) {
		if((n <= 1))
		#begin if
			return 1;
			
		#end if
		return (n * factorial((n - 1)));
		
	}
	
	input = 5;
	output = factorial(input);
	print(output);
	
}
