function null main() {
	var int x;
	
	x = 5;
	print(x);
	
}
