function null main() {
	var int a, b;
	
	a = 0;
	b = 5;
	while((a < b)) {
	#begin while
		a = (a + 1);
		print(a);
		
	}
	#end while
	
	
}
